// Jest Snapshot v1, https://goo.gl/fbAQLP

exports[`renders a App snapshot 1`] = `
<div
  className="App"
>
  <div
    className="Display"
  >
    42509
  </div>
  <div
    className="buttons-wrapper"
  >
    <div
      className="Button"
    >
      <button>
        1
      </button>
    </div>
    <div
      className="Button"
    >
      <button>
        2
      </button>
    </div>
    <div
      className="Button"
    >
      <button>
        3
      </button>
    </div>
  </div>
</div>
`;
