// Jest Snapshot v1, https://goo.gl/fbAQLP

exports[`renders a Button snapshot 1`] = `
<div
  className="Button"
>
  <button
    className="Button__btn"
    value={1}
  >
    1
  </button>
</div>
`;
